[   11269ms] [ERROR] Failed to load resource: the server responded with a status of 503 () @ https://ungnawed-imaginational-dione.ngrok-free.dev/assets/VirtualSchema-BcG_eYav.css:0
[   11274ms] [ERROR] Failed to load resource: the server responded with a status of 503 () @ https://ungnawed-imaginational-dione.ngrok-free.dev/assets/TextWithHighlights-_TQjEA06.css:0
[   11274ms] [ERROR] Failed to load resource: the server responded with a status of 503 () @ https://ungnawed-imaginational-dione.ngrok-free.dev/assets/RunDataHtml-CPkTgQ0s.css:0
[   11436ms] [ERROR] Failed to load resource: the server responded with a status of 503 () @ https://ungnawed-imaginational-dione.ngrok-free.dev/assets/CommunityNodeUpdateInfo-CrGD09Mo.css:0
[   11437ms] [ERROR] Failed to load resource: the server responded with a status of 503 () @ https://ungnawed-imaginational-dione.ngrok-free.dev/assets/NodeSettings-DNvmxjRH.css:0
[   11439ms] [ERROR] Failed to load resource: the server responded with a status of 503 () @ https://ungnawed-imaginational-dione.ngrok-free.dev/assets/KeyboardShortcutTooltip-DD3OwInQ.css:0
[   11440ms] [ERROR] Failed to load resource: the server responded with a status of 503 () @ https://ungnawed-imaginational-dione.ngrok-free.dev/assets/useCanvasMapping-BvgHV8xD.css:0
[   11441ms] [ERROR] Failed to load resource: the server responded with a status of 503 () @ https://ungnawed-imaginational-dione.ngrok-free.dev/assets/banners-CXsyom4e.css:0
[   11442ms] [ERROR] Failed to load resource: the server responded with a status of 503 () @ https://ungnawed-imaginational-dione.ngrok-free.dev/assets/useWorkflowDiffUI-SdJ1S6NO.css:0
[   11443ms] [ERROR] Failed to load resource: the server responded with a status of 503 () @ https://ungnawed-imaginational-dione.ngrok-free.dev/assets/ProjectIcon-qI5XwJ2W.css:0
[   11444ms] [ERROR] Failed to load resource: the server responded with a status of 503 () @ https://ungnawed-imaginational-dione.ngrok-free.dev/assets/CopyInput-x-Kt5YkE.css:0
[   11445ms] [ERROR] Failed to load resource: the server responded with a status of 503 () @ https://ungnawed-imaginational-dione.ngrok-free.dev/assets/Modal-B6adgTDi.css:0
[   11446ms] [ERROR] Failed to load resource: the server responded with a status of 503 () @ https://ungnawed-imaginational-dione.ngrok-free.dev/assets/SlideTransition-LHRZQ5f_.css:0
[   11447ms] [ERROR] Failed to load resource: the server responded with a status of 503 () @ https://ungnawed-imaginational-dione.ngrok-free.dev/assets/CanvasRunWorkflowButton-Bnl9SXVo.css:0
[   11555ms] [ERROR] Failed to load resource: the server responded with a status of 503 () @ https://ungnawed-imaginational-dione.ngrok-free.dev/assets/BaseLayout-CkVqrWV-.css:0
[   11557ms] [ERROR] Failed to load resource: the server responded with a status of 503 () @ https://ungnawed-imaginational-dione.ngrok-free.dev/assets/ProjectCardBadge-DFuWubx_.css:0
[   11557ms] [ERROR] Failed to load resource: the server responded with a status of 503 () @ https://ungnawed-imaginational-dione.ngrok-free.dev/assets/SetupTemplateFormStep-B_Ic43V7.css:0
[   11558ms] [ERROR] Failed to load resource: the server responded with a status of 503 () @ https://ungnawed-imaginational-dione.ngrok-free.dev/assets/CredentialPicker-DgiAq-fO.css:0
[   11559ms] [ERROR] Failed to load resource: the server responded with a status of 503 () @ https://ungnawed-imaginational-dione.ngrok-free.dev/assets/ExternalSecretsProviderConnectionSwitch-CwqyYoMQ.css:0
[   11560ms] [ERROR] Failed to load resource: the server responded with a status of 503 () @ https://ungnawed-imaginational-dione.ngrok-free.dev/assets/CredentialIcon-CiJkhU0f.css:0
[   11560ms] [ERROR] Failed to load resource: the server responded with a status of 503 () @ https://ungnawed-imaginational-dione.ngrok-free.dev/assets/TagsDropdown-B9j1q4U_.css:0
[   11561ms] [ERROR] Failed to load resource: the server responded with a status of 503 () @ https://ungnawed-imaginational-dione.ngrok-free.dev/assets/index-B-ExWx5E.css:0
[   11592ms] [ERROR] Failed to load resource: the server responded with a status of 503 () @ https://ungnawed-imaginational-dione.ngrok-free.dev/assets/ProjectSharing-9m29xtRG.css:0
[   35963ms] [ERROR] Failed to load resource: the server responded with a status of 401 () @ https://ungnawed-imaginational-dione.ngrok-free.dev/rest/login:0
[   37492ms] [VERBOSE] [DOM] Password field is not contained in a form: (More info: https://goo.gl/9p2vKq) %o @ https://ungnawed-imaginational-dione.ngrok-free.dev/signin?redirect=%252Fworkflow%252FpLVoZzb2fS23NvT6:0
[   71930ms] [ERROR] Failed to load resource: the server responded with a status of 401 () @ https://ungnawed-imaginational-dione.ngrok-free.dev/rest/login:0
[   85703ms] [ERROR] Failed to load resource: the server responded with a status of 401 () @ https://ungnawed-imaginational-dione.ngrok-free.dev/rest/login:0
[  238513ms] [ERROR] Error: Could not resolve undefined
    at injectStrict (https://ungnawed-imaginational-dione.ngrok-free.dev/assets/injectStrict-B3go-zcs.js:4:23)
    at setup (https://ungnawed-imaginational-dione.ngrok-free.dev/assets/NodeView-ZlEXwTlY.js:1064:22)
    at callWithErrorHandling (https://ungnawed-imaginational-dione.ngrok-free.dev/assets/vue.runtime.esm-bundler-XtMkEjzB.js:1780:17)
    at setupStatefulComponent (https://ungnawed-imaginational-dione.ngrok-free.dev/assets/vue.runtime.esm-bundler-XtMkEjzB.js:4936:23)
    at setupComponent (https://ungnawed-imaginational-dione.ngrok-free.dev/assets/vue.runtime.esm-bundler-XtMkEjzB.js:4923:35)
    at mountComponent (https://ungnawed-imaginational-dione.ngrok-free.dev/assets/vue.runtime.esm-bundler-XtMkEjzB.js:3889:3)
    at processComponent (https://ungnawed-imaginational-dione.ngrok-free.dev/assets/vue.runtime.esm-bundler-XtMkEjzB.js:3883:8)
    at patch (https://ungnawed-imaginational-dione.ngrok-free.dev/assets/vue.runtime.esm-bundler-XtMkEjzB.js:3714:28)
    at ReactiveEffect.componentUpdateFn [as fn] (https://ungnawed-imaginational-dione.ngrok-free.dev/assets/vue.runtime.esm-bundler-XtMkEjzB.js:3973:5)
    at ReactiveEffect.run (https://ungnawed-imaginational-dione.ngrok-free.dev/assets/vue.runtime.esm-bundler-XtMkEjzB.js:1337:17) @ https://ungnawed-imaginational-dione.ngrok-free.dev/assets/vue.runtime.esm-bundler-XtMkEjzB.js:1827
[ 3194908ms] [ERROR] Failed to load resource: net::ERR_INTERNET_DISCONNECTED @ https://ungnawed-imaginational-dione.ngrok-free.dev/healthz:0
[ 3204529ms] [ERROR] Failed to load resource: net::ERR_INTERNET_DISCONNECTED @ https://ungnawed-imaginational-dione.ngrok-free.dev/healthz:0
[ 3210660ms] [WARNING] [WebSocketClient] Connection lost, code=1006 @ https://ungnawed-imaginational-dione.ngrok-free.dev/assets/pushConnection.store-DxCix08Z.js:65
[ 3210665ms] [LOG] [WebSocketClient] Attempting to reconnect in 1000ms @ https://ungnawed-imaginational-dione.ngrok-free.dev/assets/pushConnection.store-DxCix08Z.js:99
[ 3211802ms] [ERROR] WebSocket connection to 'wss://ungnawed-imaginational-dione.ngrok-free.dev/rest/push?pushRef=su56n75ma3' failed: Error in connection establishment: net::ERR_NAME_NOT_RESOLVED @ https://ungnawed-imaginational-dione.ngrok-free.dev/assets/pushConnection.store-DxCix08Z.js:89
[ 3211804ms] [WARNING] [WebSocketClient] Connection error: Event @ https://ungnawed-imaginational-dione.ngrok-free.dev/assets/pushConnection.store-DxCix08Z.js:73
[ 3211805ms] [WARNING] [WebSocketClient] Connection lost, code=1006 @ https://ungnawed-imaginational-dione.ngrok-free.dev/assets/pushConnection.store-DxCix08Z.js:65
[ 3211805ms] [LOG] [WebSocketClient] Attempting to reconnect in 2000ms @ https://ungnawed-imaginational-dione.ngrok-free.dev/assets/pushConnection.store-DxCix08Z.js:99
[ 3214785ms] [ERROR] WebSocket connection to 'wss://ungnawed-imaginational-dione.ngrok-free.dev/rest/push?pushRef=su56n75ma3' failed: Error during WebSocket handshake: Unexpected response code: 404 @ https://ungnawed-imaginational-dione.ngrok-free.dev/assets/pushConnection.store-DxCix08Z.js:89
[ 3214786ms] [WARNING] [WebSocketClient] Connection error: Event @ https://ungnawed-imaginational-dione.ngrok-free.dev/assets/pushConnection.store-DxCix08Z.js:73
[ 3214789ms] [WARNING] [WebSocketClient] Connection lost, code=1006 @ https://ungnawed-imaginational-dione.ngrok-free.dev/assets/pushConnection.store-DxCix08Z.js:65
[ 3214789ms] [LOG] [WebSocketClient] Attempting to reconnect in 4000ms @ https://ungnawed-imaginational-dione.ngrok-free.dev/assets/pushConnection.store-DxCix08Z.js:99
[ 3215240ms] [ERROR] Failed to load resource: the server responded with a status of 404 () @ https://ungnawed-imaginational-dione.ngrok-free.dev/healthz:0
[ 5924527ms] [ERROR] Failed to load resource: net::ERR_INTERNET_DISCONNECTED @ https://ungnawed-imaginational-dione.ngrok-free.dev/healthz:0
[ 5932947ms] [WARNING] [WebSocketClient] Connection lost, code=1006 @ https://ungnawed-imaginational-dione.ngrok-free.dev/assets/pushConnection.store-DxCix08Z.js:65
[ 5932969ms] [LOG] [WebSocketClient] Attempting to reconnect in 1000ms @ https://ungnawed-imaginational-dione.ngrok-free.dev/assets/pushConnection.store-DxCix08Z.js:99
[ 5934570ms] [ERROR] WebSocket connection to 'wss://ungnawed-imaginational-dione.ngrok-free.dev/rest/push?pushRef=su56n75ma3' failed: Error during WebSocket handshake: Unexpected response code: 404 @ https://ungnawed-imaginational-dione.ngrok-free.dev/assets/pushConnection.store-DxCix08Z.js:89
[ 5934572ms] [WARNING] [WebSocketClient] Connection error: Event @ https://ungnawed-imaginational-dione.ngrok-free.dev/assets/pushConnection.store-DxCix08Z.js:73
[ 5934583ms] [WARNING] [WebSocketClient] Connection lost, code=1006 @ https://ungnawed-imaginational-dione.ngrok-free.dev/assets/pushConnection.store-DxCix08Z.js:65
[ 5934584ms] [LOG] [WebSocketClient] Attempting to reconnect in 2000ms @ https://ungnawed-imaginational-dione.ngrok-free.dev/assets/pushConnection.store-DxCix08Z.js:99
[ 5935211ms] [ERROR] Failed to load resource: the server responded with a status of 404 () @ https://ungnawed-imaginational-dione.ngrok-free.dev/healthz:0
[ 5937066ms] [ERROR] WebSocket connection to 'wss://ungnawed-imaginational-dione.ngrok-free.dev/rest/push?pushRef=su56n75ma3' failed: Error during WebSocket handshake: Unexpected response code: 404 @ https://ungnawed-imaginational-dione.ngrok-free.dev/assets/pushConnection.store-DxCix08Z.js:89
[ 5937066ms] [WARNING] [WebSocketClient] Connection error: Event @ https://ungnawed-imaginational-dione.ngrok-free.dev/assets/pushConnection.store-DxCix08Z.js:73
[ 5937067ms] [WARNING] [WebSocketClient] Connection lost, code=1006 @ https://ungnawed-imaginational-dione.ngrok-free.dev/assets/pushConnection.store-DxCix08Z.js:65
[ 5937068ms] [LOG] [WebSocketClient] Attempting to reconnect in 4000ms @ https://ungnawed-imaginational-dione.ngrok-free.dev/assets/pushConnection.store-DxCix08Z.js:99
[ 5942874ms] [ERROR] WebSocket connection to 'wss://ungnawed-imaginational-dione.ngrok-free.dev/rest/push?pushRef=su56n75ma3' failed: Error during WebSocket handshake: Unexpected response code: 404 @ https://ungnawed-imaginational-dione.ngrok-free.dev/assets/pushConnection.store-DxCix08Z.js:89
[ 5942875ms] [WARNING] [WebSocketClient] Connection error: Event @ https://ungnawed-imaginational-dione.ngrok-free.dev/assets/pushConnection.store-DxCix08Z.js:73
[ 5942876ms] [WARNING] [WebSocketClient] Connection lost, code=1006 @ https://ungnawed-imaginational-dione.ngrok-free.dev/assets/pushConnection.store-DxCix08Z.js:65
[ 5942876ms] [LOG] [WebSocketClient] Attempting to reconnect in 8000ms @ https://ungnawed-imaginational-dione.ngrok-free.dev/assets/pushConnection.store-DxCix08Z.js:99
[ 5945015ms] [ERROR] Failed to load resource: the server responded with a status of 404 () @ https://ungnawed-imaginational-dione.ngrok-free.dev/healthz:0
[ 6015884ms] [ERROR] Failed to load resource: net::ERR_NAME_NOT_RESOLVED @ https://ungnawed-imaginational-dione.ngrok-free.dev/healthz:0
[ 6024523ms] [ERROR] Failed to load resource: net::ERR_INTERNET_DISCONNECTED @ https://ungnawed-imaginational-dione.ngrok-free.dev/healthz:0
[ 6034514ms] [ERROR] Failed to load resource: net::ERR_INTERNET_DISCONNECTED @ https://ungnawed-imaginational-dione.ngrok-free.dev/healthz:0
[ 6044482ms] [WARNING] [WebSocketClient] Connection lost, code=1006 @ https://ungnawed-imaginational-dione.ngrok-free.dev/assets/pushConnection.store-DxCix08Z.js:65
[ 6044482ms] [LOG] [WebSocketClient] Attempting to reconnect in 1000ms @ https://ungnawed-imaginational-dione.ngrok-free.dev/assets/pushConnection.store-DxCix08Z.js:99
[ 6044514ms] [ERROR] Failed to load resource: net::ERR_INTERNET_DISCONNECTED @ https://ungnawed-imaginational-dione.ngrok-free.dev/healthz:0
[ 6045486ms] [ERROR] WebSocket connection to 'wss://ungnawed-imaginational-dione.ngrok-free.dev/rest/push?pushRef=su56n75ma3' failed: Error in connection establishment: net::ERR_INTERNET_DISCONNECTED @ https://ungnawed-imaginational-dione.ngrok-free.dev/assets/pushConnection.store-DxCix08Z.js:89
[ 6045486ms] [WARNING] [WebSocketClient] Connection error: Event @ https://ungnawed-imaginational-dione.ngrok-free.dev/assets/pushConnection.store-DxCix08Z.js:73
[ 6045486ms] [WARNING] [WebSocketClient] Connection lost, code=1006 @ https://ungnawed-imaginational-dione.ngrok-free.dev/assets/pushConnection.store-DxCix08Z.js:65
[ 6045486ms] [LOG] [WebSocketClient] Attempting to reconnect in 2000ms @ https://ungnawed-imaginational-dione.ngrok-free.dev/assets/pushConnection.store-DxCix08Z.js:99
[ 6047491ms] [ERROR] WebSocket connection to 'wss://ungnawed-imaginational-dione.ngrok-free.dev/rest/push?pushRef=su56n75ma3' failed: Error in connection establishment: net::ERR_INTERNET_DISCONNECTED @ https://ungnawed-imaginational-dione.ngrok-free.dev/assets/pushConnection.store-DxCix08Z.js:89
[ 6047491ms] [WARNING] [WebSocketClient] Connection error: Event @ https://ungnawed-imaginational-dione.ngrok-free.dev/assets/pushConnection.store-DxCix08Z.js:73
[ 6047492ms] [WARNING] [WebSocketClient] Connection lost, code=1006 @ https://ungnawed-imaginational-dione.ngrok-free.dev/assets/pushConnection.store-DxCix08Z.js:65
[ 6047492ms] [LOG] [WebSocketClient] Attempting to reconnect in 4000ms @ https://ungnawed-imaginational-dione.ngrok-free.dev/assets/pushConnection.store-DxCix08Z.js:99
[ 6051507ms] [ERROR] WebSocket connection to 'wss://ungnawed-imaginational-dione.ngrok-free.dev/rest/push?pushRef=su56n75ma3' failed: Error in connection establishment: net::ERR_INTERNET_DISCONNECTED @ https://ungnawed-imaginational-dione.ngrok-free.dev/assets/pushConnection.store-DxCix08Z.js:89
[ 6051507ms] [WARNING] [WebSocketClient] Connection error: Event @ https://ungnawed-imaginational-dione.ngrok-free.dev/assets/pushConnection.store-DxCix08Z.js:73
[ 6051508ms] [WARNING] [WebSocketClient] Connection lost, code=1006 @ https://ungnawed-imaginational-dione.ngrok-free.dev/assets/pushConnection.store-DxCix08Z.js:65
[ 6051508ms] [LOG] [WebSocketClient] Attempting to reconnect in 8000ms @ https://ungnawed-imaginational-dione.ngrok-free.dev/assets/pushConnection.store-DxCix08Z.js:99
[ 6054513ms] [ERROR] Failed to load resource: net::ERR_INTERNET_DISCONNECTED @ https://ungnawed-imaginational-dione.ngrok-free.dev/healthz:0
[ 6059517ms] [ERROR] WebSocket connection to 'wss://ungnawed-imaginational-dione.ngrok-free.dev/rest/push?pushRef=su56n75ma3' failed: Error in connection establishment: net::ERR_INTERNET_DISCONNECTED @ https://ungnawed-imaginational-dione.ngrok-free.dev/assets/pushConnection.store-DxCix08Z.js:89
[ 6059517ms] [WARNING] [WebSocketClient] Connection error: Event @ https://ungnawed-imaginational-dione.ngrok-free.dev/assets/pushConnection.store-DxCix08Z.js:73
[ 6059518ms] [WARNING] [WebSocketClient] Connection lost, code=1006 @ https://ungnawed-imaginational-dione.ngrok-free.dev/assets/pushConnection.store-DxCix08Z.js:65
[ 6059519ms] [LOG] [WebSocketClient] Attempting to reconnect in 15000ms @ https://ungnawed-imaginational-dione.ngrok-free.dev/assets/pushConnection.store-DxCix08Z.js:99
[ 6064525ms] [ERROR] Failed to load resource: net::ERR_INTERNET_DISCONNECTED @ https://ungnawed-imaginational-dione.ngrok-free.dev/healthz:0
[ 6074519ms] [ERROR] Failed to load resource: net::ERR_INTERNET_DISCONNECTED @ https://ungnawed-imaginational-dione.ngrok-free.dev/healthz:0
[ 6074524ms] [ERROR] WebSocket connection to 'wss://ungnawed-imaginational-dione.ngrok-free.dev/rest/push?pushRef=su56n75ma3' failed: Error in connection establishment: net::ERR_INTERNET_DISCONNECTED @ https://ungnawed-imaginational-dione.ngrok-free.dev/assets/pushConnection.store-DxCix08Z.js:89
[ 6074525ms] [WARNING] [WebSocketClient] Connection error: Event @ https://ungnawed-imaginational-dione.ngrok-free.dev/assets/pushConnection.store-DxCix08Z.js:73
[ 6074525ms] [WARNING] [WebSocketClient] Connection lost, code=1006 @ https://ungnawed-imaginational-dione.ngrok-free.dev/assets/pushConnection.store-DxCix08Z.js:65
[ 6074526ms] [LOG] [WebSocketClient] Attempting to reconnect in 15000ms @ https://ungnawed-imaginational-dione.ngrok-free.dev/assets/pushConnection.store-DxCix08Z.js:99
[ 6084525ms] [ERROR] Failed to load resource: net::ERR_INTERNET_DISCONNECTED @ https://ungnawed-imaginational-dione.ngrok-free.dev/healthz:0
[ 6089528ms] [ERROR] WebSocket connection to 'wss://ungnawed-imaginational-dione.ngrok-free.dev/rest/push?pushRef=su56n75ma3' failed: Error in connection establishment: net::ERR_INTERNET_DISCONNECTED @ https://ungnawed-imaginational-dione.ngrok-free.dev/assets/pushConnection.store-DxCix08Z.js:89
[ 6089528ms] [WARNING] [WebSocketClient] Connection error: Event @ https://ungnawed-imaginational-dione.ngrok-free.dev/assets/pushConnection.store-DxCix08Z.js:73
[ 6089528ms] [WARNING] [WebSocketClient] Connection lost, code=1006 @ https://ungnawed-imaginational-dione.ngrok-free.dev/assets/pushConnection.store-DxCix08Z.js:65
[ 6089528ms] [LOG] [WebSocketClient] Attempting to reconnect in 15000ms @ https://ungnawed-imaginational-dione.ngrok-free.dev/assets/pushConnection.store-DxCix08Z.js:99
[ 6094515ms] [ERROR] Failed to load resource: net::ERR_INTERNET_DISCONNECTED @ https://ungnawed-imaginational-dione.ngrok-free.dev/healthz:0
[ 6104515ms] [ERROR] Failed to load resource: net::ERR_INTERNET_DISCONNECTED @ https://ungnawed-imaginational-dione.ngrok-free.dev/healthz:0
[ 6104558ms] [ERROR] WebSocket connection to 'wss://ungnawed-imaginational-dione.ngrok-free.dev/rest/push?pushRef=su56n75ma3' failed: Error in connection establishment: net::ERR_INTERNET_DISCONNECTED @ https://ungnawed-imaginational-dione.ngrok-free.dev/assets/pushConnection.store-DxCix08Z.js:89
[ 6104559ms] [WARNING] [WebSocketClient] Connection error: Event @ https://ungnawed-imaginational-dione.ngrok-free.dev/assets/pushConnection.store-DxCix08Z.js:73
[ 6104559ms] [WARNING] [WebSocketClient] Connection lost, code=1006 @ https://ungnawed-imaginational-dione.ngrok-free.dev/assets/pushConnection.store-DxCix08Z.js:65
[ 6104559ms] [LOG] [WebSocketClient] Attempting to reconnect in 15000ms @ https://ungnawed-imaginational-dione.ngrok-free.dev/assets/pushConnection.store-DxCix08Z.js:99
[ 6114523ms] [ERROR] Failed to load resource: net::ERR_INTERNET_DISCONNECTED @ https://ungnawed-imaginational-dione.ngrok-free.dev/healthz:0
[ 6119583ms] [ERROR] WebSocket connection to 'wss://ungnawed-imaginational-dione.ngrok-free.dev/rest/push?pushRef=su56n75ma3' failed: Error in connection establishment: net::ERR_INTERNET_DISCONNECTED @ https://ungnawed-imaginational-dione.ngrok-free.dev/assets/pushConnection.store-DxCix08Z.js:89
[ 6119583ms] [WARNING] [WebSocketClient] Connection error: Event @ https://ungnawed-imaginational-dione.ngrok-free.dev/assets/pushConnection.store-DxCix08Z.js:73
[ 6119583ms] [WARNING] [WebSocketClient] Connection lost, code=1006 @ https://ungnawed-imaginational-dione.ngrok-free.dev/assets/pushConnection.store-DxCix08Z.js:65
[ 6119583ms] [LOG] [WebSocketClient] Attempting to reconnect in 15000ms @ https://ungnawed-imaginational-dione.ngrok-free.dev/assets/pushConnection.store-DxCix08Z.js:99
[ 6124516ms] [ERROR] Failed to load resource: net::ERR_INTERNET_DISCONNECTED @ https://ungnawed-imaginational-dione.ngrok-free.dev/healthz:0
[ 6134516ms] [ERROR] Failed to load resource: net::ERR_INTERNET_DISCONNECTED @ https://ungnawed-imaginational-dione.ngrok-free.dev/healthz:0
[ 6134592ms] [ERROR] WebSocket connection to 'wss://ungnawed-imaginational-dione.ngrok-free.dev/rest/push?pushRef=su56n75ma3' failed: Error in connection establishment: net::ERR_INTERNET_DISCONNECTED @ https://ungnawed-imaginational-dione.ngrok-free.dev/assets/pushConnection.store-DxCix08Z.js:89
[ 6134593ms] [WARNING] [WebSocketClient] Connection error: Event @ https://ungnawed-imaginational-dione.ngrok-free.dev/assets/pushConnection.store-DxCix08Z.js:73
[ 6134593ms] [WARNING] [WebSocketClient] Connection lost, code=1006 @ https://ungnawed-imaginational-dione.ngrok-free.dev/assets/pushConnection.store-DxCix08Z.js:65
[ 6134593ms] [LOG] [WebSocketClient] Attempting to reconnect in 15000ms @ https://ungnawed-imaginational-dione.ngrok-free.dev/assets/pushConnection.store-DxCix08Z.js:99
[ 6144517ms] [ERROR] Failed to load resource: net::ERR_INTERNET_DISCONNECTED @ https://ungnawed-imaginational-dione.ngrok-free.dev/healthz:0
[ 6149613ms] [ERROR] WebSocket connection to 'wss://ungnawed-imaginational-dione.ngrok-free.dev/rest/push?pushRef=su56n75ma3' failed: Error in connection establishment: net::ERR_INTERNET_DISCONNECTED @ https://ungnawed-imaginational-dione.ngrok-free.dev/assets/pushConnection.store-DxCix08Z.js:89
[ 6149613ms] [WARNING] [WebSocketClient] Connection error: Event @ https://ungnawed-imaginational-dione.ngrok-free.dev/assets/pushConnection.store-DxCix08Z.js:73
[ 6149613ms] [WARNING] [WebSocketClient] Connection lost, code=1006 @ https://ungnawed-imaginational-dione.ngrok-free.dev/assets/pushConnection.store-DxCix08Z.js:65
[ 6149613ms] [LOG] [WebSocketClient] Attempting to reconnect in 15000ms @ https://ungnawed-imaginational-dione.ngrok-free.dev/assets/pushConnection.store-DxCix08Z.js:99
[ 6154518ms] [ERROR] Failed to load resource: net::ERR_INTERNET_DISCONNECTED @ https://ungnawed-imaginational-dione.ngrok-free.dev/healthz:0
[ 6164514ms] [ERROR] Failed to load resource: net::ERR_INTERNET_DISCONNECTED @ https://ungnawed-imaginational-dione.ngrok-free.dev/healthz:0
[ 6164638ms] [ERROR] WebSocket connection to 'wss://ungnawed-imaginational-dione.ngrok-free.dev/rest/push?pushRef=su56n75ma3' failed: Error in connection establishment: net::ERR_INTERNET_DISCONNECTED @ https://ungnawed-imaginational-dione.ngrok-free.dev/assets/pushConnection.store-DxCix08Z.js:89
[ 6164638ms] [WARNING] [WebSocketClient] Connection error: Event @ https://ungnawed-imaginational-dione.ngrok-free.dev/assets/pushConnection.store-DxCix08Z.js:73
[ 6164639ms] [WARNING] [WebSocketClient] Connection lost, code=1006 @ https://ungnawed-imaginational-dione.ngrok-free.dev/assets/pushConnection.store-DxCix08Z.js:65
[ 6164639ms] [LOG] [WebSocketClient] Attempting to reconnect in 15000ms @ https://ungnawed-imaginational-dione.ngrok-free.dev/assets/pushConnection.store-DxCix08Z.js:99
[ 6174516ms] [ERROR] Failed to load resource: net::ERR_INTERNET_DISCONNECTED @ https://ungnawed-imaginational-dione.ngrok-free.dev/healthz:0
[ 6179647ms] [ERROR] WebSocket connection to 'wss://ungnawed-imaginational-dione.ngrok-free.dev/rest/push?pushRef=su56n75ma3' failed: Error in connection establishment: net::ERR_INTERNET_DISCONNECTED @ https://ungnawed-imaginational-dione.ngrok-free.dev/assets/pushConnection.store-DxCix08Z.js:89
[ 6179647ms] [WARNING] [WebSocketClient] Connection error: Event @ https://ungnawed-imaginational-dione.ngrok-free.dev/assets/pushConnection.store-DxCix08Z.js:73
[ 6179648ms] [WARNING] [WebSocketClient] Connection lost, code=1006 @ https://ungnawed-imaginational-dione.ngrok-free.dev/assets/pushConnection.store-DxCix08Z.js:65
[ 6179648ms] [LOG] [WebSocketClient] Attempting to reconnect in 15000ms @ https://ungnawed-imaginational-dione.ngrok-free.dev/assets/pushConnection.store-DxCix08Z.js:99
[ 6184519ms] [ERROR] Failed to load resource: net::ERR_INTERNET_DISCONNECTED @ https://ungnawed-imaginational-dione.ngrok-free.dev/healthz:0
[ 6194529ms] [ERROR] Failed to load resource: net::ERR_INTERNET_DISCONNECTED @ https://ungnawed-imaginational-dione.ngrok-free.dev/healthz:0
[ 6194665ms] [ERROR] WebSocket connection to 'wss://ungnawed-imaginational-dione.ngrok-free.dev/rest/push?pushRef=su56n75ma3' failed: Error in connection establishment: net::ERR_INTERNET_DISCONNECTED @ https://ungnawed-imaginational-dione.ngrok-free.dev/assets/pushConnection.store-DxCix08Z.js:89
[ 6194665ms] [WARNING] [WebSocketClient] Connection error: Event @ https://ungnawed-imaginational-dione.ngrok-free.dev/assets/pushConnection.store-DxCix08Z.js:73
[ 6194666ms] [WARNING] [WebSocketClient] Connection lost, code=1006 @ https://ungnawed-imaginational-dione.ngrok-free.dev/assets/pushConnection.store-DxCix08Z.js:65
[ 6194666ms] [LOG] [WebSocketClient] Attempting to reconnect in 15000ms @ https://ungnawed-imaginational-dione.ngrok-free.dev/assets/pushConnection.store-DxCix08Z.js:99
[ 6204513ms] [ERROR] Failed to load resource: net::ERR_INTERNET_DISCONNECTED @ https://ungnawed-imaginational-dione.ngrok-free.dev/healthz:0
[ 6209679ms] [ERROR] WebSocket connection to 'wss://ungnawed-imaginational-dione.ngrok-free.dev/rest/push?pushRef=su56n75ma3' failed: Error in connection establishment: net::ERR_INTERNET_DISCONNECTED @ https://ungnawed-imaginational-dione.ngrok-free.dev/assets/pushConnection.store-DxCix08Z.js:89
[ 6209679ms] [WARNING] [WebSocketClient] Connection error: Event @ https://ungnawed-imaginational-dione.ngrok-free.dev/assets/pushConnection.store-DxCix08Z.js:73
[ 6209680ms] [WARNING] [WebSocketClient] Connection lost, code=1006 @ https://ungnawed-imaginational-dione.ngrok-free.dev/assets/pushConnection.store-DxCix08Z.js:65
[ 6209680ms] [LOG] [WebSocketClient] Attempting to reconnect in 15000ms @ https://ungnawed-imaginational-dione.ngrok-free.dev/assets/pushConnection.store-DxCix08Z.js:99
[ 6214515ms] [ERROR] Failed to load resource: net::ERR_INTERNET_DISCONNECTED @ https://ungnawed-imaginational-dione.ngrok-free.dev/healthz:0
[ 6224522ms] [ERROR] Failed to load resource: net::ERR_INTERNET_DISCONNECTED @ https://ungnawed-imaginational-dione.ngrok-free.dev/healthz:0
[ 6224691ms] [ERROR] WebSocket connection to 'wss://ungnawed-imaginational-dione.ngrok-free.dev/rest/push?pushRef=su56n75ma3' failed: Error in connection establishment: net::ERR_INTERNET_DISCONNECTED @ https://ungnawed-imaginational-dione.ngrok-free.dev/assets/pushConnection.store-DxCix08Z.js:89
[ 6224691ms] [WARNING] [WebSocketClient] Connection error: Event @ https://ungnawed-imaginational-dione.ngrok-free.dev/assets/pushConnection.store-DxCix08Z.js:73
[ 6224692ms] [WARNING] [WebSocketClient] Connection lost, code=1006 @ https://ungnawed-imaginational-dione.ngrok-free.dev/assets/pushConnection.store-DxCix08Z.js:65
[ 6224692ms] [LOG] [WebSocketClient] Attempting to reconnect in 15000ms @ https://ungnawed-imaginational-dione.ngrok-free.dev/assets/pushConnection.store-DxCix08Z.js:99
[ 6234527ms] [ERROR] Failed to load resource: net::ERR_INTERNET_DISCONNECTED @ https://ungnawed-imaginational-dione.ngrok-free.dev/healthz:0
[ 6239415ms] [ERROR] Failed to load resource: net::ERR_INTERNET_DISCONNECTED @ https://ungnawed-imaginational-dione.ngrok-free.dev/rest/ph/flags/?v=2&ip=0&_=1778700793715&ver=1.373.4&compression=base64:0
[ 6239708ms] [ERROR] WebSocket connection to 'wss://ungnawed-imaginational-dione.ngrok-free.dev/rest/push?pushRef=su56n75ma3' failed: Error in connection establishment: net::ERR_INTERNET_DISCONNECTED @ https://ungnawed-imaginational-dione.ngrok-free.dev/assets/pushConnection.store-DxCix08Z.js:89
[ 6239709ms] [WARNING] [WebSocketClient] Connection error: Event @ https://ungnawed-imaginational-dione.ngrok-free.dev/assets/pushConnection.store-DxCix08Z.js:73
[ 6239709ms] [WARNING] [WebSocketClient] Connection lost, code=1006 @ https://ungnawed-imaginational-dione.ngrok-free.dev/assets/pushConnection.store-DxCix08Z.js:65
[ 6239710ms] [LOG] [WebSocketClient] Attempting to reconnect in 15000ms @ https://ungnawed-imaginational-dione.ngrok-free.dev/assets/pushConnection.store-DxCix08Z.js:99
[ 6244518ms] [ERROR] Failed to load resource: net::ERR_INTERNET_DISCONNECTED @ https://ungnawed-imaginational-dione.ngrok-free.dev/healthz:0
[ 6254522ms] [ERROR] Failed to load resource: net::ERR_INTERNET_DISCONNECTED @ https://ungnawed-imaginational-dione.ngrok-free.dev/healthz:0
[ 6254732ms] [ERROR] WebSocket connection to 'wss://ungnawed-imaginational-dione.ngrok-free.dev/rest/push?pushRef=su56n75ma3' failed: Error in connection establishment: net::ERR_INTERNET_DISCONNECTED @ https://ungnawed-imaginational-dione.ngrok-free.dev/assets/pushConnection.store-DxCix08Z.js:89
[ 6254732ms] [WARNING] [WebSocketClient] Connection error: Event @ https://ungnawed-imaginational-dione.ngrok-free.dev/assets/pushConnection.store-DxCix08Z.js:73
[ 6254732ms] [WARNING] [WebSocketClient] Connection lost, code=1006 @ https://ungnawed-imaginational-dione.ngrok-free.dev/assets/pushConnection.store-DxCix08Z.js:65
[ 6254733ms] [LOG] [WebSocketClient] Attempting to reconnect in 15000ms @ https://ungnawed-imaginational-dione.ngrok-free.dev/assets/pushConnection.store-DxCix08Z.js:99
[ 6264524ms] [ERROR] Failed to load resource: net::ERR_INTERNET_DISCONNECTED @ https://ungnawed-imaginational-dione.ngrok-free.dev/healthz:0
[ 6269766ms] [ERROR] WebSocket connection to 'wss://ungnawed-imaginational-dione.ngrok-free.dev/rest/push?pushRef=su56n75ma3' failed: Error in connection establishment: net::ERR_INTERNET_DISCONNECTED @ https://ungnawed-imaginational-dione.ngrok-free.dev/assets/pushConnection.store-DxCix08Z.js:89
[ 6269766ms] [WARNING] [WebSocketClient] Connection error: Event @ https://ungnawed-imaginational-dione.ngrok-free.dev/assets/pushConnection.store-DxCix08Z.js:73
[ 6269766ms] [WARNING] [WebSocketClient] Connection lost, code=1006 @ https://ungnawed-imaginational-dione.ngrok-free.dev/assets/pushConnection.store-DxCix08Z.js:65
[ 6269767ms] [LOG] [WebSocketClient] Attempting to reconnect in 15000ms @ https://ungnawed-imaginational-dione.ngrok-free.dev/assets/pushConnection.store-DxCix08Z.js:99
[ 6274521ms] [ERROR] Failed to load resource: net::ERR_INTERNET_DISCONNECTED @ https://ungnawed-imaginational-dione.ngrok-free.dev/healthz:0
[ 6284512ms] [ERROR] Failed to load resource: net::ERR_INTERNET_DISCONNECTED @ https://ungnawed-imaginational-dione.ngrok-free.dev/healthz:0
[ 6284790ms] [ERROR] WebSocket connection to 'wss://ungnawed-imaginational-dione.ngrok-free.dev/rest/push?pushRef=su56n75ma3' failed: Error in connection establishment: net::ERR_INTERNET_DISCONNECTED @ https://ungnawed-imaginational-dione.ngrok-free.dev/assets/pushConnection.store-DxCix08Z.js:89
[ 6284791ms] [WARNING] [WebSocketClient] Connection error: Event @ https://ungnawed-imaginational-dione.ngrok-free.dev/assets/pushConnection.store-DxCix08Z.js:73
[ 6284791ms] [WARNING] [WebSocketClient] Connection lost, code=1006 @ https://ungnawed-imaginational-dione.ngrok-free.dev/assets/pushConnection.store-DxCix08Z.js:65
[ 6284791ms] [LOG] [WebSocketClient] Attempting to reconnect in 15000ms @ https://ungnawed-imaginational-dione.ngrok-free.dev/assets/pushConnection.store-DxCix08Z.js:99
[ 6296283ms] [ERROR] Failed to load resource: the server responded with a status of 404 () @ https://ungnawed-imaginational-dione.ngrok-free.dev/healthz:0
[ 6541650ms] [ERROR] Failed to load resource: the server responded with a status of 503 () @ https://ungnawed-imaginational-dione.ngrok-free.dev/rest/ph/flags/?v=2&ip=0&_=1778701093722&ver=1.373.4&compression=base64:0
[ 7414598ms] [ERROR] Failed to load resource: net::ERR_INTERNET_DISCONNECTED @ https://ungnawed-imaginational-dione.ngrok-free.dev/healthz:0
[ 7424530ms] [ERROR] Failed to load resource: net::ERR_INTERNET_DISCONNECTED @ https://ungnawed-imaginational-dione.ngrok-free.dev/healthz:0
[ 7433257ms] [WARNING] [WebSocketClient] Connection lost, code=1006 @ https://ungnawed-imaginational-dione.ngrok-free.dev/assets/pushConnection.store-DxCix08Z.js:65
[ 7433281ms] [LOG] [WebSocketClient] Attempting to reconnect in 1000ms @ https://ungnawed-imaginational-dione.ngrok-free.dev/assets/pushConnection.store-DxCix08Z.js:99
[ 7434321ms] [ERROR] WebSocket connection to 'wss://ungnawed-imaginational-dione.ngrok-free.dev/rest/push?pushRef=su56n75ma3' failed: Error in connection establishment: net::ERR_INTERNET_DISCONNECTED @ https://ungnawed-imaginational-dione.ngrok-free.dev/assets/pushConnection.store-DxCix08Z.js:89
[ 7434324ms] [WARNING] [WebSocketClient] Connection error: Event @ https://ungnawed-imaginational-dione.ngrok-free.dev/assets/pushConnection.store-DxCix08Z.js:73
[ 7434344ms] [WARNING] [WebSocketClient] Connection lost, code=1006 @ https://ungnawed-imaginational-dione.ngrok-free.dev/assets/pushConnection.store-DxCix08Z.js:65
[ 7434345ms] [LOG] [WebSocketClient] Attempting to reconnect in 2000ms @ https://ungnawed-imaginational-dione.ngrok-free.dev/assets/pushConnection.store-DxCix08Z.js:99
[ 7434544ms] [ERROR] Failed to load resource: net::ERR_INTERNET_DISCONNECTED @ https://ungnawed-imaginational-dione.ngrok-free.dev/healthz:0
[ 7436360ms] [ERROR] WebSocket connection to 'wss://ungnawed-imaginational-dione.ngrok-free.dev/rest/push?pushRef=su56n75ma3' failed: Error in connection establishment: net::ERR_INTERNET_DISCONNECTED @ https://ungnawed-imaginational-dione.ngrok-free.dev/assets/pushConnection.store-DxCix08Z.js:89
[ 7436361ms] [WARNING] [WebSocketClient] Connection error: Event @ https://ungnawed-imaginational-dione.ngrok-free.dev/assets/pushConnection.store-DxCix08Z.js:73
[ 7436362ms] [WARNING] [WebSocketClient] Connection lost, code=1006 @ https://ungnawed-imaginational-dione.ngrok-free.dev/assets/pushConnection.store-DxCix08Z.js:65
[ 7436362ms] [LOG] [WebSocketClient] Attempting to reconnect in 4000ms @ https://ungnawed-imaginational-dione.ngrok-free.dev/assets/pushConnection.store-DxCix08Z.js:99
[ 7439452ms] [ERROR] Failed to load resource: net::ERR_INTERNET_DISCONNECTED @ https://ungnawed-imaginational-dione.ngrok-free.dev/rest/ph/flags/?v=2&ip=0&_=1778701993716&ver=1.373.4&compression=base64:0
[ 7440381ms] [ERROR] WebSocket connection to 'wss://ungnawed-imaginational-dione.ngrok-free.dev/rest/push?pushRef=su56n75ma3' failed: Error in connection establishment: net::ERR_INTERNET_DISCONNECTED @ https://ungnawed-imaginational-dione.ngrok-free.dev/assets/pushConnection.store-DxCix08Z.js:89
[ 7440381ms] [WARNING] [WebSocketClient] Connection error: Event @ https://ungnawed-imaginational-dione.ngrok-free.dev/assets/pushConnection.store-DxCix08Z.js:73
[ 7440382ms] [WARNING] [WebSocketClient] Connection lost, code=1006 @ https://ungnawed-imaginational-dione.ngrok-free.dev/assets/pushConnection.store-DxCix08Z.js:65
[ 7440383ms] [LOG] [WebSocketClient] Attempting to reconnect in 8000ms @ https://ungnawed-imaginational-dione.ngrok-free.dev/assets/pushConnection.store-DxCix08Z.js:99
[ 7444553ms] [ERROR] Failed to load resource: net::ERR_INTERNET_DISCONNECTED @ https://ungnawed-imaginational-dione.ngrok-free.dev/healthz:0
[ 7448394ms] [ERROR] WebSocket connection to 'wss://ungnawed-imaginational-dione.ngrok-free.dev/rest/push?pushRef=su56n75ma3' failed: Error in connection establishment: net::ERR_INTERNET_DISCONNECTED @ https://ungnawed-imaginational-dione.ngrok-free.dev/assets/pushConnection.store-DxCix08Z.js:89
[ 7448395ms] [WARNING] [WebSocketClient] Connection error: Event @ https://ungnawed-imaginational-dione.ngrok-free.dev/assets/pushConnection.store-DxCix08Z.js:73
[ 7448396ms] [WARNING] [WebSocketClient] Connection lost, code=1006 @ https://ungnawed-imaginational-dione.ngrok-free.dev/assets/pushConnection.store-DxCix08Z.js:65
[ 7448396ms] [LOG] [WebSocketClient] Attempting to reconnect in 15000ms @ https://ungnawed-imaginational-dione.ngrok-free.dev/assets/pushConnection.store-DxCix08Z.js:99
[ 7454542ms] [ERROR] Failed to load resource: net::ERR_INTERNET_DISCONNECTED @ https://ungnawed-imaginational-dione.ngrok-free.dev/healthz:0
[ 7463415ms] [ERROR] WebSocket connection to 'wss://ungnawed-imaginational-dione.ngrok-free.dev/rest/push?pushRef=su56n75ma3' failed: Error in connection establishment: net::ERR_INTERNET_DISCONNECTED @ https://ungnawed-imaginational-dione.ngrok-free.dev/assets/pushConnection.store-DxCix08Z.js:89
[ 7463416ms] [WARNING] [WebSocketClient] Connection error: Event @ https://ungnawed-imaginational-dione.ngrok-free.dev/assets/pushConnection.store-DxCix08Z.js:73
[ 7463416ms] [WARNING] [WebSocketClient] Connection lost, code=1006 @ https://ungnawed-imaginational-dione.ngrok-free.dev/assets/pushConnection.store-DxCix08Z.js:65
[ 7463417ms] [LOG] [WebSocketClient] Attempting to reconnect in 15000ms @ https://ungnawed-imaginational-dione.ngrok-free.dev/assets/pushConnection.store-DxCix08Z.js:99
[ 7464537ms] [ERROR] Failed to load resource: net::ERR_INTERNET_DISCONNECTED @ https://ungnawed-imaginational-dione.ngrok-free.dev/healthz:0
[ 7474521ms] [ERROR] Failed to load resource: net::ERR_INTERNET_DISCONNECTED @ https://ungnawed-imaginational-dione.ngrok-free.dev/healthz:0
[ 7478447ms] [ERROR] WebSocket connection to 'wss://ungnawed-imaginational-dione.ngrok-free.dev/rest/push?pushRef=su56n75ma3' failed: Error in connection establishment: net::ERR_INTERNET_DISCONNECTED @ https://ungnawed-imaginational-dione.ngrok-free.dev/assets/pushConnection.store-DxCix08Z.js:89
[ 7478447ms] [WARNING] [WebSocketClient] Connection error: Event @ https://ungnawed-imaginational-dione.ngrok-free.dev/assets/pushConnection.store-DxCix08Z.js:73
[ 7478448ms] [WARNING] [WebSocketClient] Connection lost, code=1006 @ https://ungnawed-imaginational-dione.ngrok-free.dev/assets/pushConnection.store-DxCix08Z.js:65
[ 7478448ms] [LOG] [WebSocketClient] Attempting to reconnect in 15000ms @ https://ungnawed-imaginational-dione.ngrok-free.dev/assets/pushConnection.store-DxCix08Z.js:99
[ 7484524ms] [ERROR] Failed to load resource: net::ERR_INTERNET_DISCONNECTED @ https://ungnawed-imaginational-dione.ngrok-free.dev/healthz:0
[ 7493470ms] [ERROR] WebSocket connection to 'wss://ungnawed-imaginational-dione.ngrok-free.dev/rest/push?pushRef=su56n75ma3' failed: Error in connection establishment: net::ERR_INTERNET_DISCONNECTED @ https://ungnawed-imaginational-dione.ngrok-free.dev/assets/pushConnection.store-DxCix08Z.js:89
[ 7493470ms] [WARNING] [WebSocketClient] Connection error: Event @ https://ungnawed-imaginational-dione.ngrok-free.dev/assets/pushConnection.store-DxCix08Z.js:73
[ 7493472ms] [WARNING] [WebSocketClient] Connection lost, code=1006 @ https://ungnawed-imaginational-dione.ngrok-free.dev/assets/pushConnection.store-DxCix08Z.js:65
[ 7493473ms] [LOG] [WebSocketClient] Attempting to reconnect in 15000ms @ https://ungnawed-imaginational-dione.ngrok-free.dev/assets/pushConnection.store-DxCix08Z.js:99
[ 7494520ms] [ERROR] Failed to load resource: net::ERR_INTERNET_DISCONNECTED @ https://ungnawed-imaginational-dione.ngrok-free.dev/healthz:0
[ 7504526ms] [ERROR] Failed to load resource: net::ERR_INTERNET_DISCONNECTED @ https://ungnawed-imaginational-dione.ngrok-free.dev/healthz:0
[ 7508499ms] [ERROR] WebSocket connection to 'wss://ungnawed-imaginational-dione.ngrok-free.dev/rest/push?pushRef=su56n75ma3' failed: Error in connection establishment: net::ERR_INTERNET_DISCONNECTED @ https://ungnawed-imaginational-dione.ngrok-free.dev/assets/pushConnection.store-DxCix08Z.js:89
[ 7508500ms] [WARNING] [WebSocketClient] Connection error: Event @ https://ungnawed-imaginational-dione.ngrok-free.dev/assets/pushConnection.store-DxCix08Z.js:73
[ 7508501ms] [WARNING] [WebSocketClient] Connection lost, code=1006 @ https://ungnawed-imaginational-dione.ngrok-free.dev/assets/pushConnection.store-DxCix08Z.js:65
[ 7508501ms] [LOG] [WebSocketClient] Attempting to reconnect in 15000ms @ https://ungnawed-imaginational-dione.ngrok-free.dev/assets/pushConnection.store-DxCix08Z.js:99
[ 7514529ms] [ERROR] Failed to load resource: net::ERR_INTERNET_DISCONNECTED @ https://ungnawed-imaginational-dione.ngrok-free.dev/healthz:0
[ 7523533ms] [ERROR] WebSocket connection to 'wss://ungnawed-imaginational-dione.ngrok-free.dev/rest/push?pushRef=su56n75ma3' failed: Error in connection establishment: net::ERR_INTERNET_DISCONNECTED @ https://ungnawed-imaginational-dione.ngrok-free.dev/assets/pushConnection.store-DxCix08Z.js:89
[ 7523533ms] [WARNING] [WebSocketClient] Connection error: Event @ https://ungnawed-imaginational-dione.ngrok-free.dev/assets/pushConnection.store-DxCix08Z.js:73
[ 7523534ms] [WARNING] [WebSocketClient] Connection lost, code=1006 @ https://ungnawed-imaginational-dione.ngrok-free.dev/assets/pushConnection.store-DxCix08Z.js:65
[ 7523534ms] [LOG] [WebSocketClient] Attempting to reconnect in 15000ms @ https://ungnawed-imaginational-dione.ngrok-free.dev/assets/pushConnection.store-DxCix08Z.js:99
[ 7524526ms] [ERROR] Failed to load resource: net::ERR_INTERNET_DISCONNECTED @ https://ungnawed-imaginational-dione.ngrok-free.dev/healthz:0
[ 7534533ms] [ERROR] Failed to load resource: net::ERR_INTERNET_DISCONNECTED @ https://ungnawed-imaginational-dione.ngrok-free.dev/healthz:0
[ 7538586ms] [ERROR] WebSocket connection to 'wss://ungnawed-imaginational-dione.ngrok-free.dev/rest/push?pushRef=su56n75ma3' failed: Error in connection establishment: net::ERR_INTERNET_DISCONNECTED @ https://ungnawed-imaginational-dione.ngrok-free.dev/assets/pushConnection.store-DxCix08Z.js:89
[ 7538586ms] [WARNING] [WebSocketClient] Connection error: Event @ https://ungnawed-imaginational-dione.ngrok-free.dev/assets/pushConnection.store-DxCix08Z.js:73
[ 7538587ms] [WARNING] [WebSocketClient] Connection lost, code=1006 @ https://ungnawed-imaginational-dione.ngrok-free.dev/assets/pushConnection.store-DxCix08Z.js:65
[ 7538587ms] [LOG] [WebSocketClient] Attempting to reconnect in 15000ms @ https://ungnawed-imaginational-dione.ngrok-free.dev/assets/pushConnection.store-DxCix08Z.js:99
[ 7544532ms] [ERROR] Failed to load resource: net::ERR_INTERNET_DISCONNECTED @ https://ungnawed-imaginational-dione.ngrok-free.dev/healthz:0
[ 7553675ms] [ERROR] WebSocket connection to 'wss://ungnawed-imaginational-dione.ngrok-free.dev/rest/push?pushRef=su56n75ma3' failed: Error in connection establishment: net::ERR_INTERNET_DISCONNECTED @ https://ungnawed-imaginational-dione.ngrok-free.dev/assets/pushConnection.store-DxCix08Z.js:89
[ 7553676ms] [WARNING] [WebSocketClient] Connection error: Event @ https://ungnawed-imaginational-dione.ngrok-free.dev/assets/pushConnection.store-DxCix08Z.js:73
[ 7553676ms] [WARNING] [WebSocketClient] Connection lost, code=1006 @ https://ungnawed-imaginational-dione.ngrok-free.dev/assets/pushConnection.store-DxCix08Z.js:65
[ 7553677ms] [LOG] [WebSocketClient] Attempting to reconnect in 15000ms @ https://ungnawed-imaginational-dione.ngrok-free.dev/assets/pushConnection.store-DxCix08Z.js:99
[ 7554518ms] [ERROR] Failed to load resource: net::ERR_INTERNET_DISCONNECTED @ https://ungnawed-imaginational-dione.ngrok-free.dev/healthz:0
[ 7564533ms] [ERROR] Failed to load resource: net::ERR_INTERNET_DISCONNECTED @ https://ungnawed-imaginational-dione.ngrok-free.dev/healthz:0
[ 7568696ms] [ERROR] WebSocket connection to 'wss://ungnawed-imaginational-dione.ngrok-free.dev/rest/push?pushRef=su56n75ma3' failed: Error in connection establishment: net::ERR_INTERNET_DISCONNECTED @ https://ungnawed-imaginational-dione.ngrok-free.dev/assets/pushConnection.store-DxCix08Z.js:89
[ 7568696ms] [WARNING] [WebSocketClient] Connection error: Event @ https://ungnawed-imaginational-dione.ngrok-free.dev/assets/pushConnection.store-DxCix08Z.js:73
[ 7568697ms] [WARNING] [WebSocketClient] Connection lost, code=1006 @ https://ungnawed-imaginational-dione.ngrok-free.dev/assets/pushConnection.store-DxCix08Z.js:65
[ 7568697ms] [LOG] [WebSocketClient] Attempting to reconnect in 15000ms @ https://ungnawed-imaginational-dione.ngrok-free.dev/assets/pushConnection.store-DxCix08Z.js:99
[ 7574517ms] [ERROR] Failed to load resource: net::ERR_INTERNET_DISCONNECTED @ https://ungnawed-imaginational-dione.ngrok-free.dev/healthz:0
[ 7583720ms] [ERROR] WebSocket connection to 'wss://ungnawed-imaginational-dione.ngrok-free.dev/rest/push?pushRef=su56n75ma3' failed: Error in connection establishment: net::ERR_INTERNET_DISCONNECTED @ https://ungnawed-imaginational-dione.ngrok-free.dev/assets/pushConnection.store-DxCix08Z.js:89
[ 7583720ms] [WARNING] [WebSocketClient] Connection error: Event @ https://ungnawed-imaginational-dione.ngrok-free.dev/assets/pushConnection.store-DxCix08Z.js:73
[ 7583722ms] [WARNING] [WebSocketClient] Connection lost, code=1006 @ https://ungnawed-imaginational-dione.ngrok-free.dev/assets/pushConnection.store-DxCix08Z.js:65
[ 7583722ms] [LOG] [WebSocketClient] Attempting to reconnect in 15000ms @ https://ungnawed-imaginational-dione.ngrok-free.dev/assets/pushConnection.store-DxCix08Z.js:99
[ 7584530ms] [ERROR] Failed to load resource: net::ERR_INTERNET_DISCONNECTED @ https://ungnawed-imaginational-dione.ngrok-free.dev/healthz:0
[ 7594534ms] [ERROR] Failed to load resource: net::ERR_INTERNET_DISCONNECTED @ https://ungnawed-imaginational-dione.ngrok-free.dev/healthz:0
[ 7598742ms] [ERROR] WebSocket connection to 'wss://ungnawed-imaginational-dione.ngrok-free.dev/rest/push?pushRef=su56n75ma3' failed: Error in connection establishment: net::ERR_INTERNET_DISCONNECTED @ https://ungnawed-imaginational-dione.ngrok-free.dev/assets/pushConnection.store-DxCix08Z.js:89
[ 7598742ms] [WARNING] [WebSocketClient] Connection error: Event @ https://ungnawed-imaginational-dione.ngrok-free.dev/assets/pushConnection.store-DxCix08Z.js:73
[ 7598743ms] [WARNING] [WebSocketClient] Connection lost, code=1006 @ https://ungnawed-imaginational-dione.ngrok-free.dev/assets/pushConnection.store-DxCix08Z.js:65
[ 7598743ms] [LOG] [WebSocketClient] Attempting to reconnect in 15000ms @ https://ungnawed-imaginational-dione.ngrok-free.dev/assets/pushConnection.store-DxCix08Z.js:99
[ 7604527ms] [ERROR] Failed to load resource: net::ERR_INTERNET_DISCONNECTED @ https://ungnawed-imaginational-dione.ngrok-free.dev/healthz:0
[ 7613766ms] [ERROR] WebSocket connection to 'wss://ungnawed-imaginational-dione.ngrok-free.dev/rest/push?pushRef=su56n75ma3' failed: Error in connection establishment: net::ERR_INTERNET_DISCONNECTED @ https://ungnawed-imaginational-dione.ngrok-free.dev/assets/pushConnection.store-DxCix08Z.js:89
[ 7613767ms] [WARNING] [WebSocketClient] Connection error: Event @ https://ungnawed-imaginational-dione.ngrok-free.dev/assets/pushConnection.store-DxCix08Z.js:73
[ 7613767ms] [WARNING] [WebSocketClient] Connection lost, code=1006 @ https://ungnawed-imaginational-dione.ngrok-free.dev/assets/pushConnection.store-DxCix08Z.js:65
[ 7613767ms] [LOG] [WebSocketClient] Attempting to reconnect in 15000ms @ https://ungnawed-imaginational-dione.ngrok-free.dev/assets/pushConnection.store-DxCix08Z.js:99
[ 7614522ms] [ERROR] Failed to load resource: net::ERR_INTERNET_DISCONNECTED @ https://ungnawed-imaginational-dione.ngrok-free.dev/healthz:0
[ 7624525ms] [ERROR] Failed to load resource: net::ERR_INTERNET_DISCONNECTED @ https://ungnawed-imaginational-dione.ngrok-free.dev/healthz:0
[ 7628784ms] [ERROR] WebSocket connection to 'wss://ungnawed-imaginational-dione.ngrok-free.dev/rest/push?pushRef=su56n75ma3' failed: Error in connection establishment: net::ERR_INTERNET_DISCONNECTED @ https://ungnawed-imaginational-dione.ngrok-free.dev/assets/pushConnection.store-DxCix08Z.js:89
[ 7628784ms] [WARNING] [WebSocketClient] Connection error: Event @ https://ungnawed-imaginational-dione.ngrok-free.dev/assets/pushConnection.store-DxCix08Z.js:73
[ 7628785ms] [WARNING] [WebSocketClient] Connection lost, code=1006 @ https://ungnawed-imaginational-dione.ngrok-free.dev/assets/pushConnection.store-DxCix08Z.js:65
[ 7628785ms] [LOG] [WebSocketClient] Attempting to reconnect in 15000ms @ https://ungnawed-imaginational-dione.ngrok-free.dev/assets/pushConnection.store-DxCix08Z.js:99
[ 7634539ms] [ERROR] Failed to load resource: net::ERR_INTERNET_DISCONNECTED @ https://ungnawed-imaginational-dione.ngrok-free.dev/healthz:0
[ 7643818ms] [ERROR] WebSocket connection to 'wss://ungnawed-imaginational-dione.ngrok-free.dev/rest/push?pushRef=su56n75ma3' failed: Error in connection establishment: net::ERR_INTERNET_DISCONNECTED @ https://ungnawed-imaginational-dione.ngrok-free.dev/assets/pushConnection.store-DxCix08Z.js:89
[ 7643819ms] [WARNING] [WebSocketClient] Connection error: Event @ https://ungnawed-imaginational-dione.ngrok-free.dev/assets/pushConnection.store-DxCix08Z.js:73
[ 7643819ms] [WARNING] [WebSocketClient] Connection lost, code=1006 @ https://ungnawed-imaginational-dione.ngrok-free.dev/assets/pushConnection.store-DxCix08Z.js:65
[ 7643820ms] [LOG] [WebSocketClient] Attempting to reconnect in 15000ms @ https://ungnawed-imaginational-dione.ngrok-free.dev/assets/pushConnection.store-DxCix08Z.js:99
[ 7644529ms] [ERROR] Failed to load resource: net::ERR_INTERNET_DISCONNECTED @ https://ungnawed-imaginational-dione.ngrok-free.dev/healthz:0
[ 7654516ms] [ERROR] Failed to load resource: net::ERR_INTERNET_DISCONNECTED @ https://ungnawed-imaginational-dione.ngrok-free.dev/healthz:0
[ 7658850ms] [ERROR] WebSocket connection to 'wss://ungnawed-imaginational-dione.ngrok-free.dev/rest/push?pushRef=su56n75ma3' failed: Error in connection establishment: net::ERR_INTERNET_DISCONNECTED @ https://ungnawed-imaginational-dione.ngrok-free.dev/assets/pushConnection.store-DxCix08Z.js:89
[ 7658850ms] [WARNING] [WebSocketClient] Connection error: Event @ https://ungnawed-imaginational-dione.ngrok-free.dev/assets/pushConnection.store-DxCix08Z.js:73
[ 7658850ms] [WARNING] [WebSocketClient] Connection lost, code=1006 @ https://ungnawed-imaginational-dione.ngrok-free.dev/assets/pushConnection.store-DxCix08Z.js:65
[ 7658850ms] [LOG] [WebSocketClient] Attempting to reconnect in 15000ms @ https://ungnawed-imaginational-dione.ngrok-free.dev/assets/pushConnection.store-DxCix08Z.js:99
[ 7664532ms] [ERROR] Failed to load resource: net::ERR_INTERNET_DISCONNECTED @ https://ungnawed-imaginational-dione.ngrok-free.dev/healthz:0
[ 7673880ms] [ERROR] WebSocket connection to 'wss://ungnawed-imaginational-dione.ngrok-free.dev/rest/push?pushRef=su56n75ma3' failed: Error in connection establishment: net::ERR_INTERNET_DISCONNECTED @ https://ungnawed-imaginational-dione.ngrok-free.dev/assets/pushConnection.store-DxCix08Z.js:89
[ 7673880ms] [WARNING] [WebSocketClient] Connection error: Event @ https://ungnawed-imaginational-dione.ngrok-free.dev/assets/pushConnection.store-DxCix08Z.js:73
[ 7673881ms] [WARNING] [WebSocketClient] Connection lost, code=1006 @ https://ungnawed-imaginational-dione.ngrok-free.dev/assets/pushConnection.store-DxCix08Z.js:65
[ 7673881ms] [LOG] [WebSocketClient] Attempting to reconnect in 15000ms @ https://ungnawed-imaginational-dione.ngrok-free.dev/assets/pushConnection.store-DxCix08Z.js:99
[ 7674517ms] [ERROR] Failed to load resource: net::ERR_INTERNET_DISCONNECTED @ https://ungnawed-imaginational-dione.ngrok-free.dev/healthz:0
[ 7684521ms] [ERROR] Failed to load resource: net::ERR_INTERNET_DISCONNECTED @ https://ungnawed-imaginational-dione.ngrok-free.dev/healthz:0
[ 7688898ms] [ERROR] WebSocket connection to 'wss://ungnawed-imaginational-dione.ngrok-free.dev/rest/push?pushRef=su56n75ma3' failed: Error in connection establishment: net::ERR_INTERNET_DISCONNECTED @ https://ungnawed-imaginational-dione.ngrok-free.dev/assets/pushConnection.store-DxCix08Z.js:89
[ 7688898ms] [WARNING] [WebSocketClient] Connection error: Event @ https://ungnawed-imaginational-dione.ngrok-free.dev/assets/pushConnection.store-DxCix08Z.js:73
[ 7688898ms] [WARNING] [WebSocketClient] Connection lost, code=1006 @ https://ungnawed-imaginational-dione.ngrok-free.dev/assets/pushConnection.store-DxCix08Z.js:65
[ 7688898ms] [LOG] [WebSocketClient] Attempting to reconnect in 15000ms @ https://ungnawed-imaginational-dione.ngrok-free.dev/assets/pushConnection.store-DxCix08Z.js:99
[ 7694527ms] [ERROR] Failed to load resource: net::ERR_INTERNET_DISCONNECTED @ https://ungnawed-imaginational-dione.ngrok-free.dev/healthz:0
[ 7703913ms] [ERROR] WebSocket connection to 'wss://ungnawed-imaginational-dione.ngrok-free.dev/rest/push?pushRef=su56n75ma3' failed: Error in connection establishment: net::ERR_INTERNET_DISCONNECTED @ https://ungnawed-imaginational-dione.ngrok-free.dev/assets/pushConnection.store-DxCix08Z.js:89
[ 7703914ms] [WARNING] [WebSocketClient] Connection error: Event @ https://ungnawed-imaginational-dione.ngrok-free.dev/assets/pushConnection.store-DxCix08Z.js:73
[ 7703914ms] [WARNING] [WebSocketClient] Connection lost, code=1006 @ https://ungnawed-imaginational-dione.ngrok-free.dev/assets/pushConnection.store-DxCix08Z.js:65
[ 7703914ms] [LOG] [WebSocketClient] Attempting to reconnect in 15000ms @ https://ungnawed-imaginational-dione.ngrok-free.dev/assets/pushConnection.store-DxCix08Z.js:99
[ 7704558ms] [ERROR] Failed to load resource: net::ERR_INTERNET_DISCONNECTED @ https://ungnawed-imaginational-dione.ngrok-free.dev/healthz:0
[ 7718325ms] [ERROR] Failed to load resource: the server responded with a status of 404 () @ https://ungnawed-imaginational-dione.ngrok-free.dev/healthz:0
[ 7719959ms] [ERROR] WebSocket connection to 'wss://ungnawed-imaginational-dione.ngrok-free.dev/rest/push?pushRef=su56n75ma3' failed: Error during WebSocket handshake: Unexpected response code: 404 @ https://ungnawed-imaginational-dione.ngrok-free.dev/assets/pushConnection.store-DxCix08Z.js:89
[ 7719960ms] [WARNING] [WebSocketClient] Connection error: Event @ https://ungnawed-imaginational-dione.ngrok-free.dev/assets/pushConnection.store-DxCix08Z.js:73
[ 7719960ms] [WARNING] [WebSocketClient] Connection lost, code=1006 @ https://ungnawed-imaginational-dione.ngrok-free.dev/assets/pushConnection.store-DxCix08Z.js:65
[ 7719960ms] [LOG] [WebSocketClient] Attempting to reconnect in 15000ms @ https://ungnawed-imaginational-dione.ngrok-free.dev/assets/pushConnection.store-DxCix08Z.js:99
[ 7724859ms] [ERROR] Failed to load resource: the server responded with a status of 404 () @ https://ungnawed-imaginational-dione.ngrok-free.dev/healthz:0
[ 7735345ms] [ERROR] Failed to load resource: the server responded with a status of 404 () @ https://ungnawed-imaginational-dione.ngrok-free.dev/healthz:0
[ 7735813ms] [ERROR] WebSocket connection to 'wss://ungnawed-imaginational-dione.ngrok-free.dev/rest/push?pushRef=su56n75ma3' failed: Error during WebSocket handshake: Unexpected response code: 404 @ https://ungnawed-imaginational-dione.ngrok-free.dev/assets/pushConnection.store-DxCix08Z.js:89
[ 7735814ms] [WARNING] [WebSocketClient] Connection error: Event @ https://ungnawed-imaginational-dione.ngrok-free.dev/assets/pushConnection.store-DxCix08Z.js:73
[ 7735815ms] [WARNING] [WebSocketClient] Connection lost, code=1006 @ https://ungnawed-imaginational-dione.ngrok-free.dev/assets/pushConnection.store-DxCix08Z.js:65
[ 7735816ms] [LOG] [WebSocketClient] Attempting to reconnect in 15000ms @ https://ungnawed-imaginational-dione.ngrok-free.dev/assets/pushConnection.store-DxCix08Z.js:99
[10141175ms] [ERROR] Failed to load resource: the server responded with a status of 503 () @ https://ungnawed-imaginational-dione.ngrok-free.dev/rest/ph/flags/?v=2&ip=0&_=1778704693718&ver=1.373.4&compression=base64:0
